../Core/Inc/mpu6050.h:90:6:MPU6050_Init	32	static
../Core/Inc/mpu6050.h:122:6:gyro_get_data	40	static
../Core/Inc/mpu6050.h:144:6:mpu6050_cal	16	static
../Core/Inc/mpu6050.h:180:6:get_angles	24	static
../Core/Src/main.c:161:5:main	8	static
../Core/Src/main.c:405:6:SystemClock_Config	88	static
../Core/Src/main.c:451:13:MX_I2C1_Init	8	static
../Core/Src/main.c:485:13:MX_TIM5_Init	64	static
../Core/Src/main.c:556:13:MX_TIM10_Init	8	static
../Core/Src/main.c:587:13:MX_TIM11_Init	8	static
../Core/Src/main.c:619:13:MX_USART1_UART_Init	8	static
../Core/Src/main.c:650:13:MX_DMA_Init	16	static
../Core/Src/main.c:668:13:MX_GPIO_Init	48	static
../Core/Src/main.c:715:6:HAL_GPIO_EXTI_Callback	16	static
../Core/Src/main.c:740:6:Error_Handler	4	static,ignoring_inline_asm
